[     540ms] [ERROR] Failed to load resource: the server responded with a status of 404 () @ https://tdn.r42tag.com/perm/undefined/prod?ck=163&cv={%221%22:true,%222%22:true,%223%22:true}:0
[     764ms] [ERROR] Refused to display 'https://tagging.centraalbeheer.nl/' in a frame because it set 'X-Frame-Options' to 'sameorigin'. @ chrome-error://chromewebdata/:0
[     836ms] [WARNING] Failed to execute 'postMessage' on 'DOMWindow': The target origin provided ('https://tagging.centraalbeheer.nl') does not match the recipient window's origin ('null'). @ https://tagging.centraalbeheer.nl/gtag/js?id=G-PHMDKVPD67&l=cbDataLayer:686
[    1343ms] [WARNING] Failed to execute 'postMessage' on 'DOMWindow': The target origin provided ('https://tagging.centraalbeheer.nl') does not match the recipient window's origin ('null'). @ https://tagging.centraalbeheer.nl/gtag/js?id=G-PHMDKVPD67&l=cbDataLayer:686
[    1844ms] [WARNING] Failed to execute 'postMessage' on 'DOMWindow': The target origin provided ('https://tagging.centraalbeheer.nl') does not match the recipient window's origin ('null'). @ https://tagging.centraalbeheer.nl/gtag/js?id=G-PHMDKVPD67&l=cbDataLayer:686
[    2349ms] [WARNING] Failed to execute 'postMessage' on 'DOMWindow': The target origin provided ('https://tagging.centraalbeheer.nl') does not match the recipient window's origin ('null'). @ https://tagging.centraalbeheer.nl/gtag/js?id=G-PHMDKVPD67&l=cbDataLayer:686
[    2854ms] [WARNING] Failed to execute 'postMessage' on 'DOMWindow': The target origin provided ('https://tagging.centraalbeheer.nl') does not match the recipient window's origin ('null'). @ https://tagging.centraalbeheer.nl/gtag/js?id=G-PHMDKVPD67&l=cbDataLayer:686
[    3369ms] [WARNING] Failed to execute 'postMessage' on 'DOMWindow': The target origin provided ('https://tagging.centraalbeheer.nl') does not match the recipient window's origin ('null'). @ https://tagging.centraalbeheer.nl/gtag/js?id=G-PHMDKVPD67&l=cbDataLayer:686
[    3884ms] [WARNING] Failed to execute 'postMessage' on 'DOMWindow': The target origin provided ('https://tagging.centraalbeheer.nl') does not match the recipient window's origin ('null'). @ https://tagging.centraalbeheer.nl/gtag/js?id=G-PHMDKVPD67&l=cbDataLayer:686
[    4400ms] [WARNING] Failed to execute 'postMessage' on 'DOMWindow': The target origin provided ('https://tagging.centraalbeheer.nl') does not match the recipient window's origin ('null'). @ https://tagging.centraalbeheer.nl/gtag/js?id=G-PHMDKVPD67&l=cbDataLayer:686
[    4920ms] [WARNING] Failed to execute 'postMessage' on 'DOMWindow': The target origin provided ('https://tagging.centraalbeheer.nl') does not match the recipient window's origin ('null'). @ https://tagging.centraalbeheer.nl/gtag/js?id=G-PHMDKVPD67&l=cbDataLayer:686
[    5436ms] [WARNING] Failed to execute 'postMessage' on 'DOMWindow': The target origin provided ('https://tagging.centraalbeheer.nl') does not match the recipient window's origin ('null'). @ https://tagging.centraalbeheer.nl/gtag/js?id=G-PHMDKVPD67&l=cbDataLayer:686
[    5951ms] [WARNING] Failed to execute 'postMessage' on 'DOMWindow': The target origin provided ('https://tagging.centraalbeheer.nl') does not match the recipient window's origin ('null'). @ https://tagging.centraalbeheer.nl/gtag/js?id=G-PHMDKVPD67&l=cbDataLayer:686
[    6470ms] [WARNING] Failed to execute 'postMessage' on 'DOMWindow': The target origin provided ('https://tagging.centraalbeheer.nl') does not match the recipient window's origin ('null'). @ https://tagging.centraalbeheer.nl/gtag/js?id=G-PHMDKVPD67&l=cbDataLayer:686
[    6986ms] [WARNING] Failed to execute 'postMessage' on 'DOMWindow': The target origin provided ('https://tagging.centraalbeheer.nl') does not match the recipient window's origin ('null'). @ https://tagging.centraalbeheer.nl/gtag/js?id=G-PHMDKVPD67&l=cbDataLayer:686
[    7503ms] [WARNING] Failed to execute 'postMessage' on 'DOMWindow': The target origin provided ('https://tagging.centraalbeheer.nl') does not match the recipient window's origin ('null'). @ https://tagging.centraalbeheer.nl/gtag/js?id=G-PHMDKVPD67&l=cbDataLayer:686
[    8020ms] [WARNING] Failed to execute 'postMessage' on 'DOMWindow': The target origin provided ('https://tagging.centraalbeheer.nl') does not match the recipient window's origin ('null'). @ https://tagging.centraalbeheer.nl/gtag/js?id=G-PHMDKVPD67&l=cbDataLayer:686
[    8526ms] [WARNING] Failed to execute 'postMessage' on 'DOMWindow': The target origin provided ('https://tagging.centraalbeheer.nl') does not match the recipient window's origin ('null'). @ https://tagging.centraalbeheer.nl/gtag/js?id=G-PHMDKVPD67&l=cbDataLayer:686
[    9034ms] [WARNING] Failed to execute 'postMessage' on 'DOMWindow': The target origin provided ('https://tagging.centraalbeheer.nl') does not match the recipient window's origin ('null'). @ https://tagging.centraalbeheer.nl/gtag/js?id=G-PHMDKVPD67&l=cbDataLayer:686
[    9551ms] [WARNING] Failed to execute 'postMessage' on 'DOMWindow': The target origin provided ('https://tagging.centraalbeheer.nl') does not match the recipient window's origin ('null'). @ https://tagging.centraalbeheer.nl/gtag/js?id=G-PHMDKVPD67&l=cbDataLayer:686
[   10070ms] [WARNING] Failed to execute 'postMessage' on 'DOMWindow': The target origin provided ('https://tagging.centraalbeheer.nl') does not match the recipient window's origin ('null'). @ https://tagging.centraalbeheer.nl/gtag/js?id=G-PHMDKVPD67&l=cbDataLayer:686
[   10584ms] [WARNING] Failed to execute 'postMessage' on 'DOMWindow': The target origin provided ('https://tagging.centraalbeheer.nl') does not match the recipient window's origin ('null'). @ https://tagging.centraalbeheer.nl/gtag/js?id=G-PHMDKVPD67&l=cbDataLayer:686
[   11099ms] [WARNING] Failed to execute 'postMessage' on 'DOMWindow': The target origin provided ('https://tagging.centraalbeheer.nl') does not match the recipient window's origin ('null'). @ https://tagging.centraalbeheer.nl/gtag/js?id=G-PHMDKVPD67&l=cbDataLayer:686
