[     702ms] [ERROR] Failed to load resource: the server responded with a status of 404 () @ https://tdn.r42tag.com/perm/undefined/prod?ck=163&cv={%221%22:true,%222%22:false,%223%22:false}:0
[     953ms] [ERROR] Refused to display 'https://tagging.centraalbeheer.nl/' in a frame because it set 'X-Frame-Options' to 'sameorigin'. @ chrome-error://chromewebdata/:0
[     980ms] [WARNING] Failed to execute 'postMessage' on 'DOMWindow': The target origin provided ('https://tagging.centraalbeheer.nl') does not match the recipient window's origin ('null'). @ https://tagging.centraalbeheer.nl/gtag/js?id=G-PHMDKVPD67&l=cbDataLayer:686
[    1479ms] [WARNING] Failed to execute 'postMessage' on 'DOMWindow': The target origin provided ('https://tagging.centraalbeheer.nl') does not match the recipient window's origin ('null'). @ https://tagging.centraalbeheer.nl/gtag/js?id=G-PHMDKVPD67&l=cbDataLayer:686
[    1989ms] [WARNING] Failed to execute 'postMessage' on 'DOMWindow': The target origin provided ('https://tagging.centraalbeheer.nl') does not match the recipient window's origin ('null'). @ https://tagging.centraalbeheer.nl/gtag/js?id=G-PHMDKVPD67&l=cbDataLayer:686
[    2501ms] [WARNING] Failed to execute 'postMessage' on 'DOMWindow': The target origin provided ('https://tagging.centraalbeheer.nl') does not match the recipient window's origin ('null'). @ https://tagging.centraalbeheer.nl/gtag/js?id=G-PHMDKVPD67&l=cbDataLayer:686
[    3019ms] [WARNING] Failed to execute 'postMessage' on 'DOMWindow': The target origin provided ('https://tagging.centraalbeheer.nl') does not match the recipient window's origin ('null'). @ https://tagging.centraalbeheer.nl/gtag/js?id=G-PHMDKVPD67&l=cbDataLayer:686
[    3538ms] [WARNING] Failed to execute 'postMessage' on 'DOMWindow': The target origin provided ('https://tagging.centraalbeheer.nl') does not match the recipient window's origin ('null'). @ https://tagging.centraalbeheer.nl/gtag/js?id=G-PHMDKVPD67&l=cbDataLayer:686
[    4055ms] [WARNING] Failed to execute 'postMessage' on 'DOMWindow': The target origin provided ('https://tagging.centraalbeheer.nl') does not match the recipient window's origin ('null'). @ https://tagging.centraalbeheer.nl/gtag/js?id=G-PHMDKVPD67&l=cbDataLayer:686
[    4566ms] [WARNING] Failed to execute 'postMessage' on 'DOMWindow': The target origin provided ('https://tagging.centraalbeheer.nl') does not match the recipient window's origin ('null'). @ https://tagging.centraalbeheer.nl/gtag/js?id=G-PHMDKVPD67&l=cbDataLayer:686
[    5083ms] [WARNING] Failed to execute 'postMessage' on 'DOMWindow': The target origin provided ('https://tagging.centraalbeheer.nl') does not match the recipient window's origin ('null'). @ https://tagging.centraalbeheer.nl/gtag/js?id=G-PHMDKVPD67&l=cbDataLayer:686
[    5595ms] [WARNING] Failed to execute 'postMessage' on 'DOMWindow': The target origin provided ('https://tagging.centraalbeheer.nl') does not match the recipient window's origin ('null'). @ https://tagging.centraalbeheer.nl/gtag/js?id=G-PHMDKVPD67&l=cbDataLayer:686
[    6102ms] [WARNING] Failed to execute 'postMessage' on 'DOMWindow': The target origin provided ('https://tagging.centraalbeheer.nl') does not match the recipient window's origin ('null'). @ https://tagging.centraalbeheer.nl/gtag/js?id=G-PHMDKVPD67&l=cbDataLayer:686
[    6613ms] [WARNING] Failed to execute 'postMessage' on 'DOMWindow': The target origin provided ('https://tagging.centraalbeheer.nl') does not match the recipient window's origin ('null'). @ https://tagging.centraalbeheer.nl/gtag/js?id=G-PHMDKVPD67&l=cbDataLayer:686
[    7132ms] [WARNING] Failed to execute 'postMessage' on 'DOMWindow': The target origin provided ('https://tagging.centraalbeheer.nl') does not match the recipient window's origin ('null'). @ https://tagging.centraalbeheer.nl/gtag/js?id=G-PHMDKVPD67&l=cbDataLayer:686
[    7637ms] [WARNING] Failed to execute 'postMessage' on 'DOMWindow': The target origin provided ('https://tagging.centraalbeheer.nl') does not match the recipient window's origin ('null'). @ https://tagging.centraalbeheer.nl/gtag/js?id=G-PHMDKVPD67&l=cbDataLayer:686
[    8143ms] [WARNING] Failed to execute 'postMessage' on 'DOMWindow': The target origin provided ('https://tagging.centraalbeheer.nl') does not match the recipient window's origin ('null'). @ https://tagging.centraalbeheer.nl/gtag/js?id=G-PHMDKVPD67&l=cbDataLayer:686
[    8653ms] [WARNING] Failed to execute 'postMessage' on 'DOMWindow': The target origin provided ('https://tagging.centraalbeheer.nl') does not match the recipient window's origin ('null'). @ https://tagging.centraalbeheer.nl/gtag/js?id=G-PHMDKVPD67&l=cbDataLayer:686
[    9170ms] [WARNING] Failed to execute 'postMessage' on 'DOMWindow': The target origin provided ('https://tagging.centraalbeheer.nl') does not match the recipient window's origin ('null'). @ https://tagging.centraalbeheer.nl/gtag/js?id=G-PHMDKVPD67&l=cbDataLayer:686
[    9681ms] [WARNING] Failed to execute 'postMessage' on 'DOMWindow': The target origin provided ('https://tagging.centraalbeheer.nl') does not match the recipient window's origin ('null'). @ https://tagging.centraalbeheer.nl/gtag/js?id=G-PHMDKVPD67&l=cbDataLayer:686
[   10190ms] [WARNING] Failed to execute 'postMessage' on 'DOMWindow': The target origin provided ('https://tagging.centraalbeheer.nl') does not match the recipient window's origin ('null'). @ https://tagging.centraalbeheer.nl/gtag/js?id=G-PHMDKVPD67&l=cbDataLayer:686
[   10706ms] [WARNING] Failed to execute 'postMessage' on 'DOMWindow': The target origin provided ('https://tagging.centraalbeheer.nl') does not match the recipient window's origin ('null'). @ https://tagging.centraalbeheer.nl/gtag/js?id=G-PHMDKVPD67&l=cbDataLayer:686
[   11219ms] [WARNING] Failed to execute 'postMessage' on 'DOMWindow': The target origin provided ('https://tagging.centraalbeheer.nl') does not match the recipient window's origin ('null'). @ https://tagging.centraalbeheer.nl/gtag/js?id=G-PHMDKVPD67&l=cbDataLayer:686
